#-----------------------------------------------------------
# Vivado v2023.2 (64-bit)
# SW Build 4029153 on Fri Oct 13 20:14:34 MDT 2023
# IP Build 4028589 on Sat Oct 14 00:45:43 MDT 2023
# SharedData Build 4025554 on Tue Oct 10 17:18:54 MDT 2023
# Start of session at: Fri Jul 17 15:55:52 2026
# Process ID: 41968
# Current directory: D:/file/experiment/cpu/miniLA_basic_minisys/miniLA_basic
# Command line: vivado.exe -gui_launcher_event rodinguilauncherevent40996 D:\file\experiment\cpu\miniLA_basic_minisys\miniLA_basic\miniLA.xpr
# Log file: D:/file/experiment/cpu/miniLA_basic_minisys/miniLA_basic/vivado.log
# Journal file: D:/file/experiment/cpu/miniLA_basic_minisys/miniLA_basic\vivado.jou
# Running On: LAPTOP-0V8PR2V8, OS: Windows, CPU Frequency: 2395 MHz, CPU Physical cores: 32, Host memory: 33517 MB
#-----------------------------------------------------------
start_guioopen_project D:/file/experiment/cpu/miniLA_basic_minisys/miniLA_basic/miniLA.xpruupdate_compile_order -fileset sources_1l